Hello <img src="https://twemoji.maxcdn.com/v/latest/svg/1f44b.svg" alt="ðŸ‘‹" width="72" height="72" loading="lazy" class="twemoji" />,
Emojis are so cool! <img src="https://twemoji.maxcdn.com/v/latest/svg/1f389.svg" alt="ðŸŽ‰" width="72" height="72" loading="lazy" class="twemoji" /><img src="https://twemoji.maxcdn.com/v/latest/svg/1f680.svg" alt="ðŸš€" width="72" height="72" loading="lazy" class="twemoji" />