Hello ![ðŸ‘‹](https://twemoji.maxcdn.com/v/latest/72x72/1f44b.png),
Emojis are so cool! ![ðŸŽ‰](https://twemoji.maxcdn.com/v/latest/72x72/1f389.png)![ðŸš€](https://twemoji.maxcdn.com/v/latest/72x72/1f680.png)