Hello ![ðŸ‘‹](https://twemoji.maxcdn.com/v/latest/svg/1f44b.svg),
Emojis are so cool! ![ðŸš€](https://twemoji.maxcdn.com/v/latest/svg/1f680.svg)![ðŸŽ‰](https://twemoji.maxcdn.com/v/latest/svg/1f389.svg)